nohup: ignoring input
2018-12-02 22:21:30.837558: I tensorflow/core/platform/cpu_feature_guard.cc:137] Your CPU supports instructions that this TensorFlow binary was not compiled to use: SSE4.1 SSE4.2 AVX
2018-12-02 22:21:31.020876: I tensorflow/stream_executor/cuda/cuda_gpu_executor.cc:892] successful NUMA node read from SysFS had negative value (-1), but there must be at least one NUMA node, so returning NUMA node zero
2018-12-02 22:21:31.021520: I tensorflow/core/common_runtime/gpu/gpu_device.cc:1030] Found device 0 with properties: 
name: GeForce GTX 1080 Ti major: 6 minor: 1 memoryClockRate(GHz): 1.6575
pciBusID: 0000:04:00.0
totalMemory: 10.92GiB freeMemory: 10.76GiB
2018-12-02 22:21:31.021560: I tensorflow/core/common_runtime/gpu/gpu_device.cc:1120] Creating TensorFlow device (/device:GPU:0) -> (device: 0, name: GeForce GTX 1080 Ti, pci bus id: 0000:04:00.0, compute capability: 6.1)
2018-12-02 22:21:31.087856: I tensorflow/core/common_runtime/gpu/gpu_device.cc:1120] Creating TensorFlow device (/device:GPU:0) -> (device: 0, name: GeForce GTX 1080 Ti, pci bus id: 0000:04:00.0, compute capability: 6.1)
2018-12-02 22:21:31.088232: I tensorflow/core/common_runtime/gpu/gpu_device.cc:1120] Creating TensorFlow device (/device:GPU:0) -> (device: 0, name: GeForce GTX 1080 Ti, pci bus id: 0000:04:00.0, compute capability: 6.1)
INFO: Building model...
creating class map
loading pickle file
setting model type
loading model file
INFO: Latest checkpoint found in directory /home/lyy/myDualLearning/models/en2de
INFO: Loading model parameters from file /home/lyy/myDualLearning/models/en2de/model.en2de.npz-540000
INFO:tensorflow:Restoring parameters from /home/lyy/myDualLearning/models/en2de/model.en2de.npz-540000
INFO: Restoring parameters from /home/lyy/myDualLearning/models/en2de/model.en2de.npz-540000
INFO: Done
INFO: Reading data...
INFO: no validation set loaded
INFO: Done
INFO: Reading data...
INFO: no validation set loaded
INFO: Done
creating class map
loading pickle file
setting model type
loading model file
INFO: Latest checkpoint found in directory /home/lyy/myDualLearning/models/de2en_tmp
INFO: Loading model parameters from file /home/lyy/myDualLearning/models/de2en/model.de2en.npz-480000
INFO:tensorflow:Restoring parameters from /home/lyy/myDualLearning/models/de2en/model.de2en.npz-480000
INFO: Restoring parameters from /home/lyy/myDualLearning/models/de2en/model.de2en.npz-480000
INFO: Done
INFO: Reading data...
INFO: no validation set loaded
INFO: Done
INFO: Reading data...
INFO: no validation set loaded
INFO: Done
INFO: Initial uidx for modelA =0
INFO: Initial uidx for modelB =0
INFO: Starting epoch 0
INFO: para data has been used out at uidx0, now start using mono data. 
