nohup: ignoring input
2018-12-03 23:58:52.032520: I tensorflow/core/platform/cpu_feature_guard.cc:137] Your CPU supports instructions that this TensorFlow binary was not compiled to use: SSE4.1 SSE4.2 AVX
2018-12-03 23:58:52.211899: I tensorflow/stream_executor/cuda/cuda_gpu_executor.cc:892] successful NUMA node read from SysFS had negative value (-1), but there must be at least one NUMA node, so returning NUMA node zero
2018-12-03 23:58:52.214900: I tensorflow/core/common_runtime/gpu/gpu_device.cc:1030] Found device 0 with properties: 
name: GeForce GTX 1080 Ti major: 6 minor: 1 memoryClockRate(GHz): 1.6575
pciBusID: 0000:04:00.0
totalMemory: 10.92GiB freeMemory: 10.76GiB
2018-12-03 23:58:52.214947: I tensorflow/core/common_runtime/gpu/gpu_device.cc:1120] Creating TensorFlow device (/device:GPU:0) -> (device: 0, name: GeForce GTX 1080 Ti, pci bus id: 0000:04:00.0, compute capability: 6.1)
2018-12-03 23:58:52.278627: I tensorflow/core/common_runtime/gpu/gpu_device.cc:1120] Creating TensorFlow device (/device:GPU:0) -> (device: 0, name: GeForce GTX 1080 Ti, pci bus id: 0000:04:00.0, compute capability: 6.1)
INFO: Building model...
INFO: Latest checkpoint found in directory /home/lyy/myDualLearning/models/en2de
INFO: Reloading training progress
INFO: Loading model parameters from file /home/lyy/myDualLearning/models/en2de/model.en2de.npz-120000
INFO:tensorflow:Restoring parameters from /home/lyy/myDualLearning/models/en2de/model.en2de.npz-120000
INFO: Restoring parameters from /home/lyy/myDualLearning/models/en2de/model.en2de.npz-120000
INFO: Done
INFO: Reading data...
INFO: Done
INFO: Initial uidx=120000
INFO: Starting epoch 31
INFO: Validation loss (AVG/SUM/N_SENT): 77.3664204488 77366.4204488 1000
INFO: Validation loss (AVG/SUM/N_SENT): 76.0805908934 76080.5908934 1000
INFO: Validation loss (AVG/SUM/N_SENT): 78.5478724224 78547.8724224 1000
INFO: Starting epoch 32
INFO: Validation loss (AVG/SUM/N_SENT): 78.4386345248 78438.6345248 1000
INFO: Early Stop!
